// Jest Snapshot v1, https://goo.gl/fbAQLP

exports[`AddToHomescreen Component should render 1`] = `
<div>
  This is so!
</div>
`;
